// Jest Snapshot v1, https://goo.gl/fbAQLP

exports[`pretty formats dom node 1`] = `
"<div>
  <button>
    test
  </button>
</div>"
`;
