// Jest Snapshot v1, https://goo.gl/fbAQLP

exports[`throws error after timeout 1`] = `"button not found!"`;
